[neonevm.org/index.html]
[backblue.gif]
[fade.gif]
[index.html]
[neonevm.org/favicons/apple-touch-icon.png]
[neonevm.org/favicons/favicon.ico]
[neonevm.org/favicons/favicon-16x16.png]
[neonevm.org/favicons/favicon-32x32.png]
[neonevm.org/favicons/android-chrome-192x192.png]
[neonevm.org/favicons/android-chrome-512x512.png]
[neonevm.org/_/backend/public/37b1687.js]
[neonevm.org/_/backend/public/ed00de5.js]
[neonevm.org/_/backend/public/38efeaa.js]
[neonevm.org/_/backend/public/e66d397.js]
[neonevm.org/_/backend/public/84fc7a9.js]
[neonevm.org/images/index/infograph_mobile.png]
[neonevm.org/images/index/neon_eth_solana.png]
[neonevm.org/images/index/arrows.png]
[neonevm.org/developers.html]
[neonevm.org/community.html]
[neonevm.org/events.html]
[neonevm.org/faq.html]
[neonevm.org/images/index/star.png]
[neonevm.org/images/index/ellips.png]
[neonevm.org/images/index/partners/the-graph.png]
[neonevm.org/images/index/partners/sobal.png]
[neonevm.org/images/index/partners/multichain.png]
[neonevm.org/images/index/partners/pyth-network.png]
[neonevm.org/images/index/partners/dxsale.png]
[neonevm.org/images/index/partners/poolz-finance.png]
[neonevm.org/images/index/partners/covalent.png]
[neonevm.org/whitepaper.pdf]
[cms-neon.neontest.xyz/uploads/f_4_27405e3873_c4f042aafc.png]
[cms-neon.neontest.xyz/uploads/f_5_603f96ef3d_bd9162480e.png]
[cms-neon.neontest.xyz/uploads/f_3_bf42de74d8_fb32d236fe.png]
[cms-neon.neontest.xyz/uploads/f_1_043bb6e659_673a74d508.png]
[cms-neon.neontest.xyz/uploads/f_2_260901a84e_186b71a15c.png]
[cms-neon.neontest.xyz/uploads/f_6_8e36e8b188_a247ca67cd.png]
[neonevm.org/images/index/governance.png]
[neonevm.org/images/index/operators.jpg]
[neonevm.org/images/index/dapps.png]
[neonevm.org/terms.html]
[neonevm.org/cookie-policy]
[neonevm.org/disclaimer.html]
[neonevm.org/index.html]
[neonevm.org/fav_192.gif]
[neonevm.org/privacy-policy.html]
[neonevm.org/_/backend/public/ba72f7a.js]
[neonevm.org/images/developers/dapps_defi.png]
[neonevm.org/images/developers/dapps_exchanges.png]
[neonevm.org/images/developers/dapps_games.png]
[neonevm.org/images/developers/dapps_nft.png]
[neonevm.org/images/developers/step_1.png]
[neonevm.org/images/developers/step_2.png]
[neonevm.org/developers.html]
[neonevm.org/_/backend/public/1862295.js]
[neonevm.org/images/community/reward.png]
[neonevm.org/images/community/beware.png]
[neonevm.org/community.html]
[neonevm.org/_/backend/public/9389c75.js]
[neonevm.org/events/layer2meetup.html]
[cms-neon.neontest.xyz/uploads/Frame_113_275c038a32_e0d43367fb.png]
[neonevm.org/events/neonpartyberlin.html]
[cms-neon.neontest.xyz/uploads/Snimok_ekrana_2022_09_06_v_17_05_20_3d203626ea_97d2a3ed15.png]
[neonevm.org/events/neoninberlin.html]
[cms-neon.neontest.xyz/uploads/photo_5233271222312221951_y_c5524bf652_6bf44cf213.jpg]
[cms-neon.neontest.xyz/uploads/photo_5413765363205782371_y_25778c1843_9bcef550aa.jpg]
[neonevm.org/events/neonraceseoul.html]
[neonevm.org/events/neoninparis.html]
[cms-neon.neontest.xyz/uploads/Snimok_ekrana_2022_07_17_v_13_15_04_7e32476a02_5b307bca89.png]
[neonevm.org/events/neonracebelgrade.html]
[cms-neon.neontest.xyz/uploads/Neonrace_belgrade_jul2_2c42309c38_620f519778.png]
[neonevm.org/events/neonracebarcelona.html]
[cms-neon.neontest.xyz/uploads/event_preview_1_c8105fb066_00c4d81c28.png]
[neonevm.org/events.html]
[neonevm.org/faq.html]
[neonevm.org/_/backend/public/8e3fd89.js]
[neonevm.org/terms.html]
[neonevm.org/cookie-policy.html]
[neonevm.org/disclaimer.html]
[neonevm.org/privacy-policy.html]
[neonevm.org/_/backend/public/d05afaf.js]
[neonevm.org/events/layer2meetup.html]
[neonevm.org/events/neonpartyberlin.html]
[neonevm.org/events/neoninberlin.html]
[neonevm.org/events/neonraceseoul.html]
[neonevm.org/events/neoninparis.html]
[neonevm.org/events/neonracebelgrade.html]
[neonevm.org/events/neonracebarcelona.html]
[neonevm.org/_/backend/public/aab3096.js]
